11:20:26 **** Incremental Build of configuration Debug for project 04 - UART Interrupt ****
make -j8 all 
arm-none-eabi-gcc "../Core/Src/main.c" -mcpu=cortex-m4 -std=gnu11 -g3 -DUSE_HAL_DRIVER -DSTM32F411xE -DDEBUG -c -I../USB_HOST/App -I../USB_HOST/Target -I../Core/Inc -I../Drivers/STM32F4xx_HAL_Driver/Inc -I../Drivers/STM32F4xx_HAL_Driver/Inc/Legacy -I../Middlewares/ST/STM32_USB_Host_Library/Core/Inc -I../Middlewares/ST/STM32_USB_Host_Library/Class/CDC/Inc -I../Drivers/CMSIS/Device/ST/STM32F4xx/Include -I../Drivers/CMSIS/Include -O0 -ffunction-sections -fdata-sections -Wall -fstack-usage -MMD -MP -MF"Core/Src/main.d" -MT"Core/Src/main.o" --specs=nano.specs -mfpu=fpv4-sp-d16 -mfloat-abi=hard -mthumb -o "Core/Src/main.o"
arm-none-eabi-gcc -o "04 - UART Interrupt.elf" @"objects.list"   -mcpu=cortex-m4 -T"D:\Z3r0\Workspaces\ARM STM32\04 - UART Interrupt\STM32F411VETX_FLASH.ld" --specs=nosys.specs -Wl,-Map="04 - UART Interrupt.map" -Wl,--gc-sections -static --specs=nano.specs -mfpu=fpv4-sp-d16 -mfloat-abi=hard -mthumb -Wl,--start-group -lc -lm -Wl,--end-group
Finished building target: 04 - UART Interrupt.elf
 
arm-none-eabi-objdump -h -S  04\ -\ UART\ Interrupt.elf  > "04 - UART Interrupt.list"
arm-none-eabi-objcopy  -O binary  04\ -\ UART\ Interrupt.elf  "04 - UART Interrupt.bin"
arm-none-eabi-size   04\ -\ UART\ Interrupt.elf 
   text	   data	    bss	    dec	    hex	filename
  35264	    168	   3680	  39112	   98c8	04 - UART Interrupt.elf
Finished building: default.size.stdout
 
Finished building: 04 - UART Interrupt.bin
 
Finished building: 04 - UART Interrupt.list
 

11:20:28 Build Finished. 0 errors, 0 warnings. (took 1s.844ms)

