10:25:39 **** Incremental Build of configuration Debug for project 06 - UART DMA ****
make -j8 all 
arm-none-eabi-gcc "../Core/Src/main.c" -mcpu=cortex-m4 -std=gnu11 -g3 -DUSE_HAL_DRIVER -DSTM32F411xE -DDEBUG -c -I../USB_HOST/App -I../USB_HOST/Target -I../Core/Inc -I../Drivers/STM32F4xx_HAL_Driver/Inc -I../Drivers/STM32F4xx_HAL_Driver/Inc/Legacy -I../Middlewares/ST/STM32_USB_Host_Library/Core/Inc -I../Middlewares/ST/STM32_USB_Host_Library/Class/CDC/Inc -I../Drivers/CMSIS/Device/ST/STM32F4xx/Include -I../Drivers/CMSIS/Include -O0 -ffunction-sections -fdata-sections -Wall -fstack-usage -MMD -MP -MF"Core/Src/main.d" -MT"Core/Src/main.o" --specs=nano.specs -mfpu=fpv4-sp-d16 -mfloat-abi=hard -mthumb -o "Core/Src/main.o"
arm-none-eabi-gcc -o "06 - UART DMA.elf" @"objects.list"   -mcpu=cortex-m4 -T"D:\Z3r0\Workspaces\ARM STM32\06 - UART DMA\STM32F411VETX_FLASH.ld" --specs=nosys.specs -Wl,-Map="06 - UART DMA.map" -Wl,--gc-sections -static --specs=nano.specs -mfpu=fpv4-sp-d16 -mfloat-abi=hard -mthumb -Wl,--start-group -lc -lm -Wl,--end-group
Finished building target: 06 - UART DMA.elf
 
arm-none-eabi-objdump -h -S  06\ -\ UART\ DMA.elf  > "06 - UART DMA.list"
arm-none-eabi-objcopy  -O binary  06\ -\ UART\ DMA.elf  "06 - UART DMA.bin"
arm-none-eabi-size   06\ -\ UART\ DMA.elf 
   text	   data	    bss	    dec	    hex	filename
  37940	    152	   3880	  41972	   a3f4	06 - UART DMA.elf
Finished building: default.size.stdout
 
Finished building: 06 - UART DMA.bin
 
Finished building: 06 - UART DMA.list
 

10:25:41 Build Finished. 0 errors, 0 warnings. (took 1s.755ms)

